// Jest Snapshot v1, https://goo.gl/fbAQLP

exports[`Pruebas en <GifItem /> debe de hacer match con el snapshot 1`] = `
<div>
  <div
    class="card"
  >
    <img
      alt="Hola, Soy Goku"
      src="https://ejemplo.com/"
    />
    <p>
      Hola, Soy Goku
    </p>
  </div>
</div>
`;
